// Jest Snapshot v1, https://goo.gl/fbAQLP

exports[`Snapshot for MessagingStack 1`] = `
{
  "Parameters": {
    "BootstrapVersion": {
      "Default": "/cdk-bootstrap/hnb659fds/version",
      "Description": "Version of the CDK Bootstrap resources in this environment, automatically retrieved from SSM Parameter Store. [cdk:skip]",
      "Type": "AWS::SSM::Parameter::Value<String>",
    },
  },
  "Resources": {
    "AWS679f53fac002430cb0da5b7982bd22872D164C4C": {
      "DependsOn": [
        "AWS679f53fac002430cb0da5b7982bd2287ServiceRoleC1EA0FF2",
      ],
      "Properties": {
        "Code": {
          "S3Bucket": {
            "Fn::Sub": "cdk-hnb659fds-assets-\${AWS::AccountId}-\${AWS::Region}",
          },
          "S3Key": "ed6cd104ff5f101d06dae8cb2b87cc6e6d69b9a22055b467ea6cae10ff023023.zip",
        },
        "Handler": "index.handler",
        "Role": {
          "Fn::GetAtt": [
            "AWS679f53fac002430cb0da5b7982bd2287ServiceRoleC1EA0FF2",
            "Arn",
          ],
        },
        "Runtime": "nodejs18.x",
        "Tags": [
          {
            "Key": "application",
            "Value": "rewrite",
          },
          {
            "Key": "component",
            "Value": "messaging",
          },
        ],
        "Timeout": 120,
      },
      "Type": "AWS::Lambda::Function",
    },
    "AWS679f53fac002430cb0da5b7982bd2287ServiceRoleC1EA0FF2": {
      "Properties": {
        "AssumeRolePolicyDocument": {
          "Statement": [
            {
              "Action": "sts:AssumeRole",
              "Effect": "Allow",
              "Principal": {
                "Service": "lambda.amazonaws.com",
              },
            },
          ],
          "Version": "2012-10-17",
        },
        "ManagedPolicyArns": [
          {
            "Fn::Join": [
              "",
              [
                "arn:",
                {
                  "Ref": "AWS::Partition",
                },
                ":iam::aws:policy/service-role/AWSLambdaBasicExecutionRole",
              ],
            ],
          },
        ],
        "Tags": [
          {
            "Key": "application",
            "Value": "rewrite",
          },
          {
            "Key": "component",
            "Value": "messaging",
          },
        ],
      },
      "Type": "AWS::IAM::Role",
    },
    "EventsLogGroupPolicyrewritemessagingdevMessageBuscatchrule5951C1E3CustomResourcePolicy5D1868C0": {
      "Properties": {
        "PolicyDocument": {
          "Statement": [
            {
              "Action": "logs:PutResourcePolicy",
              "Effect": "Allow",
              "Resource": "*",
            },
            {
              "Action": "logs:DeleteResourcePolicy",
              "Effect": "Allow",
              "Resource": "*",
            },
          ],
          "Version": "2012-10-17",
        },
        "PolicyName": "EventsLogGroupPolicyrewritemessagingdevMessageBuscatchrule5951C1E3CustomResourcePolicy5D1868C0",
        "Roles": [
          {
            "Ref": "AWS679f53fac002430cb0da5b7982bd2287ServiceRoleC1EA0FF2",
          },
        ],
      },
      "Type": "AWS::IAM::Policy",
    },
    "EventsLogGroupPolicyrewritemessagingdevMessageBuscatchrule5951C1E3EF8F5EE7": {
      "DeletionPolicy": "Delete",
      "DependsOn": [
        "EventsLogGroupPolicyrewritemessagingdevMessageBuscatchrule5951C1E3CustomResourcePolicy5D1868C0",
      ],
      "Properties": {
        "Create": {
          "Fn::Join": [
            "",
            [
              "{"service":"CloudWatchLogs","action":"putResourcePolicy","parameters":{"policyName":"rewritemessagingdevEventsLogGroupPolicyrewritemessagingdevMessageBuscatchrule5951C1E356F76C2D","policyDocument":"{\\"Statement\\":[{\\"Action\\":[\\"logs:PutLogEvents\\",\\"logs:CreateLogStream\\"],\\"Effect\\":\\"Allow\\",\\"Principal\\":{\\"Service\\":\\"events.amazonaws.com\\"},\\"Resource\\":\\"",
              {
                "Fn::GetAtt": [
                  "MessageBusLogGroupDBD62FE8",
                  "Arn",
                ],
              },
              "\\"}],\\"Version\\":\\"2012-10-17\\"}"},"physicalResourceId":{"id":"EventsLogGroupPolicyrewritemessagingdevMessageBuscatchrule5951C1E3"}}",
            ],
          ],
        },
        "Delete": "{"service":"CloudWatchLogs","action":"deleteResourcePolicy","parameters":{"policyName":"rewritemessagingdevEventsLogGroupPolicyrewritemessagingdevMessageBuscatchrule5951C1E356F76C2D"},"ignoreErrorCodesMatching":"ResourceNotFoundException"}",
        "InstallLatestAwsSdk": true,
        "ServiceToken": {
          "Fn::GetAtt": [
            "AWS679f53fac002430cb0da5b7982bd22872D164C4C",
            "Arn",
          ],
        },
        "Update": {
          "Fn::Join": [
            "",
            [
              "{"service":"CloudWatchLogs","action":"putResourcePolicy","parameters":{"policyName":"rewritemessagingdevEventsLogGroupPolicyrewritemessagingdevMessageBuscatchrule5951C1E356F76C2D","policyDocument":"{\\"Statement\\":[{\\"Action\\":[\\"logs:PutLogEvents\\",\\"logs:CreateLogStream\\"],\\"Effect\\":\\"Allow\\",\\"Principal\\":{\\"Service\\":\\"events.amazonaws.com\\"},\\"Resource\\":\\"",
              {
                "Fn::GetAtt": [
                  "MessageBusLogGroupDBD62FE8",
                  "Arn",
                ],
              },
              "\\"}],\\"Version\\":\\"2012-10-17\\"}"},"physicalResourceId":{"id":"EventsLogGroupPolicyrewritemessagingdevMessageBuscatchrule5951C1E3"}}",
            ],
          ],
        },
      },
      "Type": "Custom::CloudwatchLogResourcePolicy",
      "UpdateReplacePolicy": "Delete",
    },
    "MessageBusCustomEventBusF105E0DD": {
      "Properties": {
        "Name": "rewrite-events-dev",
      },
      "Type": "AWS::Events::EventBus",
    },
    "MessageBusLogGroupDBD62FE8": {
      "DeletionPolicy": "Retain",
      "Properties": {
        "RetentionInDays": 7,
        "Tags": [
          {
            "Key": "application",
            "Value": "rewrite",
          },
          {
            "Key": "component",
            "Value": "messaging",
          },
        ],
      },
      "Type": "AWS::Logs::LogGroup",
      "UpdateReplacePolicy": "Retain",
    },
    "MessageBuscatchrule43EBB77C": {
      "Properties": {
        "EventBusName": {
          "Ref": "MessageBusCustomEventBusF105E0DD",
        },
        "EventPattern": {
          "source": [
            {
              "prefix": "",
            },
          ],
        },
        "State": "ENABLED",
        "Targets": [
          {
            "Arn": {
              "Fn::Join": [
                "",
                [
                  "arn:",
                  {
                    "Ref": "AWS::Partition",
                  },
                  ":logs:",
                  {
                    "Ref": "AWS::Region",
                  },
                  ":",
                  {
                    "Ref": "AWS::AccountId",
                  },
                  ":log-group:",
                  {
                    "Ref": "MessageBusLogGroupDBD62FE8",
                  },
                ],
              ],
            },
            "Id": "Target0",
          },
        ],
      },
      "Type": "AWS::Events::Rule",
    },
  },
  "Rules": {
    "CheckBootstrapVersion": {
      "Assertions": [
        {
          "Assert": {
            "Fn::Not": [
              {
                "Fn::Contains": [
                  [
                    "1",
                    "2",
                    "3",
                    "4",
                    "5",
                  ],
                  {
                    "Ref": "BootstrapVersion",
                  },
                ],
              },
            ],
          },
          "AssertDescription": "CDK bootstrap stack version 6 required. Please run 'cdk bootstrap' with a recent version of the CDK CLI.",
        },
      ],
    },
  },
}
`;
